// Jest Snapshot v1, https://goo.gl/fbAQLP

exports[`Note renders and matches our snapshot 1`] = `
<div
  className="note"
>
  Get Groceries
  <button
    className="remove"
    onClick={[Function]}
  >
    X
  </button>
</div>
`;
